{
    "id": @integer@,
    "name": "Acme, Inc",
    "logo": null,
    "address": null,
    "email": "john.snow@acme.com",
    "jobOffers": []
}
