{
    "id": @integer@,
    "title": "Site Reliability Engineering Manager",
    "slug": "site-reliability-engineering-manager",
    "description": "You will support engineers developing services and infrastructure.",
    "company": {
        "id": @integer@,
        "name": "Dunder Mifflin",
        "logo": "https:\/\/imageurl.com\/image.png",
        "address": "Wall st, 11",
        "email": "contact@dm.com",
        "password": "12345",
        "jobOffers": [],
        "roles": [
            "ROLE_COMPANY"
        ],
        "salt": null,
        "username": "contact@dm.com"
    },
    "seniorityLevel": "Senior",
    "salary": 4500,
    "status": "APPROVED"
}
